[nyghta.com/index.html]
[backblue.gif]
[fade.gif]
[index.html]
[framerusercontent.com/images/9924lP0BZ8dOz37sdOymgalPqQ.png]
[framerusercontent.com/images/cJzViFXwIJnaeyLxc7BYc8QDE.png]
[framerusercontent.com/images/0BiOXw4ccFAtWjK1Bcp4EG6C4Q.png]
[framerusercontent.com/images/44I44Ap7IfVPV6es7TbyRB2xWA.png]
[framerusercontent.com/images/gUCPS3OV3HSRo3YbXuz2Gukdzrc.png]
[framerusercontent.com/images/KCNcgttUv98xXswnp0y42NcshE.png]
[framerusercontent.com/images/QwhmWEZAKnI4vYnjmFLkPkH5wBU.png]
[framerusercontent.com/images/YSrUXRAGFsPeG280q1tbw3Mjc.png]
[framerusercontent.com/images/SGtnxbPhFY6jv0W6tePD2pAm2I17f5.png]
[framerusercontent.com/images/7am7NwzfpT3bqOrelbQ0ncAB2E.png]
[framerusercontent.com/images/cdcpCxlokzUCLwJsCgtBOgocSnc.png]
[framerusercontent.com/images/sPlgv0ejWkPlVh6XIrJAml2sM.png]
[framerusercontent.com/images/2r1P2mHOYlgqEWptAwIdjbluV0.png]
[framerusercontent.com/images/U14q4oi5XyMMgxkyROJ8negUS0.png]
[framerusercontent.com/images/HNV3v9OlLNmnGkVBBfQyGxSO24.png]
[framerusercontent.com/images/gDJfttr4zJOygmUfnm8yJswVc.png]
[framerusercontent.com/images/RbCOuS7siwBfTAWTITJu6ppKJU.png]
[nyghta.com/index.html]
